// Jest Snapshot v1, https://goo.gl/fbAQLP

exports[`renders without crashing 1`] = `
<div>
  <i
    className="fas fa-check-square fa-3x"
  />
   
  <h5 />
</div>
`;
