// Jest Snapshot v1, https://goo.gl/fbAQLP

exports[`renders without crashing 1`] = `
<div
  className="footer-catchyphrase"
>
  <p>
    <strong>
      DashThings.io - An easy way to build 
      <Link
        replace={false}
        to="/dashboard"
      >
        Dashboards
      </Link>
       for your things.
    </strong>
  </p>
</div>
`;
