// Jest Snapshot v1, https://goo.gl/fbAQLP

exports[`renders without crashing 1`] = `
<div
  className="footer-supportmail"
>
  <Link
    replace={false}
    to="/contact"
  >
    <i
      className="fa fa-envelope fa-x2"
    />
     support@dashthings.io
  </Link>
</div>
`;
