// Jest Snapshot v1, https://goo.gl/fbAQLP

exports[`renders without crashing 1`] = `
<div>
  <ContentItem
    id="step1"
    key="step1"
    text="We are using the concept of \\"Things\\" described in the \\"Building the Web of Things\\" book written by Dominique D. Guinard and Vlad M. Trifa: A Thing with an uppercase \\"T\\" refers to a smart thing. A physical object that's digitally augmented with one or more of the following: Unicorn hacker waterfall is so 2000 and late parallax grok piverate responsive affordances fund intuitive. Cortado bootstrapping personas ideate SpaceTeam user story co-working paradigm integrate entrepreneur 360 campaign pair programming. Human-centered design user story unicorn disrupt actionable insight pair programming prototype driven. Integrate entrepreneur fund co-working thought leader human-centered design co-working engaging. Minimum viable product user story parallax agile latte agile hacker workflow experiential physical computing engaging personas long shadow. Unicorn hacker waterfall is so 2000 and late parallax grok piverate responsive affordances fund intuitive. Cortado bootstrapping personas ideate SpaceTeam user story co-working paradigm integrate entrepreneur 360 campaign pair programming. Human-centered design user story unicorn disrupt actionable insight pair programming prototype driven. Integrate entrepreneur fund co-working thought leader human-centered design co-working engaging. Minimum viable product user story parallax agile latte agile hacker workflow experiential physical computing engaging personas long shadow. Unicorn hacker waterfall is so 2000 and late parallax grok piverate responsive affordances fund intuitive. Cortado bootstrapping personas ideate SpaceTeam user story co-working paradigm integrate entrepreneur 360 campaign pair programming. Human-centered design user story unicorn disrupt actionable insight pair programming prototype driven. Integrate entrepreneur fund co-working thought leader human-centered design co-working engaging. Minimum viable product user story parallax agile latte agile hacker workflow experiential physical computing engaging personas long shadow. Unicorn hacker waterfall is so 2000 and late parallax grok piverate responsive affordances fund intuitive. Cortado bootstrapping personas ideate SpaceTeam user story co-working paradigm integrate entrepreneur 360 campaign pair programming. Human-centered design user story unicorn disrupt actionable insight pair programming prototype driven. Integrate entrepreneur fund co-working thought leader human-centered design co-working engaging. Minimum viable product user story parallax agile latte agile hacker workflow experiential physical computing engaging personas long shadow."
    title="Context"
  />
  <ContentItem
    id="step2"
    key="step2"
    text="Unicorn hacker waterfall is so 2000 and late parallax grok piverate responsive affordances fund intuitive. Cortado bootstrapping personas ideate SpaceTeam user story co-working paradigm integrate entrepreneur 360 campaign pair programming. Human-centered design user story unicorn disrupt actionable insight pair programming prototype driven. Integrate entrepreneur fund co-working thought leader human-centered design co-working engaging. Minimum viable product user story parallax agile latte agile hacker workflow experiential physical computing engaging personas long shadow. Unicorn hacker waterfall is so 2000 and late parallax grok piverate responsive affordances fund intuitive. Cortado bootstrapping personas ideate SpaceTeam user story co-working paradigm integrate entrepreneur 360 campaign pair programming. Human-centered design user story unicorn disrupt actionable insight pair programming prototype driven. Integrate entrepreneur fund co-working thought leader human-centered design co-working engaging. Minimum viable product user story parallax agile latte agile hacker workflow experiential physical computing engaging personas long shadow. Unicorn hacker waterfall is so 2000 and late parallax grok piverate responsive affordances fund intuitive. Cortado bootstrapping personas ideate SpaceTeam user story co-working paradigm integrate entrepreneur 360 campaign pair programming. Human-centered design user story unicorn disrupt actionable insight pair programming prototype driven. Integrate entrepreneur fund co-working thought leader human-centered design co-working engaging. Minimum viable product user story parallax agile latte agile hacker workflow experiential physical computing engaging personas long shadow. Unicorn hacker waterfall is so 2000 and late parallax grok piverate responsive affordances fund intuitive. Cortado bootstrapping personas ideate SpaceTeam user story co-working paradigm integrate entrepreneur 360 campaign pair programming. Human-centered design user story unicorn disrupt actionable insight pair programming prototype driven. Integrate entrepreneur fund co-working thought leader human-centered design co-working engaging. Minimum viable product user story parallax agile latte agile hacker workflow experiential physical computing engaging personas long shadow."
    title="Requirements"
  />
  <ContentItem
    id="step3"
    key="step3"
    text="Unicorn hacker waterfall is so 2000 and late parallax grok piverate responsive affordances fund intuitive. Cortado bootstrapping personas ideate SpaceTeam user story co-working paradigm integrate entrepreneur 360 campaign pair programming. Human-centered design user story unicorn disrupt actionable insight pair programming prototype driven. Integrate entrepreneur fund co-working thought leader human-centered design co-working engaging. Minimum viable product user story parallax agile latte agile hacker workflow experiential physical computing engaging personas long shadow. Unicorn hacker waterfall is so 2000 and late parallax grok piverate responsive affordances fund intuitive. Cortado bootstrapping personas ideate SpaceTeam user story co-working paradigm integrate entrepreneur 360 campaign pair programming. Human-centered design user story unicorn disrupt actionable insight pair programming prototype driven. Integrate entrepreneur fund co-working thought leader human-centered design co-working engaging. Minimum viable product user story parallax agile latte agile hacker workflow experiential physical computing engaging personas long shadow. Unicorn hacker waterfall is so 2000 and late parallax grok piverate responsive affordances fund intuitive. Cortado bootstrapping personas ideate SpaceTeam user story co-working paradigm integrate entrepreneur 360 campaign pair programming. Human-centered design user story unicorn disrupt actionable insight pair programming prototype driven. Integrate entrepreneur fund co-working thought leader human-centered design co-working engaging. Minimum viable product user story parallax agile latte agile hacker workflow experiential physical computing engaging personas long shadow. Unicorn hacker waterfall is so 2000 and late parallax grok piverate responsive affordances fund intuitive. Cortado bootstrapping personas ideate SpaceTeam user story co-working paradigm integrate entrepreneur 360 campaign pair programming. Human-centered design user story unicorn disrupt actionable insight pair programming prototype driven. Integrate entrepreneur fund co-working thought leader human-centered design co-working engaging. Minimum viable product user story parallax agile latte agile hacker workflow experiential physical computing engaging personas long shadow."
    title="Connect your things"
  />
  <ContentItem
    id="step4"
    key="step4"
    text="Unicorn hacker waterfall is so 2000 and late parallax grok piverate responsive affordances fund intuitive. Cortado bootstrapping personas ideate SpaceTeam user story co-working paradigm integrate entrepreneur 360 campaign pair programming. Human-centered design user story unicorn disrupt actionable insight pair programming prototype driven. Integrate entrepreneur fund co-working thought leader human-centered design co-working engaging. Minimum viable product user story parallax agile latte agile hacker workflow experiential physical computing engaging personas long shadow. Unicorn hacker waterfall is so 2000 and late parallax grok piverate responsive affordances fund intuitive. Cortado bootstrapping personas ideate SpaceTeam user story co-working paradigm integrate entrepreneur 360 campaign pair programming. Human-centered design user story unicorn disrupt actionable insight pair programming prototype driven. Integrate entrepreneur fund co-working thought leader human-centered design co-working engaging. Minimum viable product user story parallax agile latte agile hacker workflow experiential physical computing engaging personas long shadow. Unicorn hacker waterfall is so 2000 and late parallax grok piverate responsive affordances fund intuitive. Cortado bootstrapping personas ideate SpaceTeam user story co-working paradigm integrate entrepreneur 360 campaign pair programming. Human-centered design user story unicorn disrupt actionable insight pair programming prototype driven. Integrate entrepreneur fund co-working thought leader human-centered design co-working engaging. Minimum viable product user story parallax agile latte agile hacker workflow experiential physical computing engaging personas long shadow. Unicorn hacker waterfall is so 2000 and late parallax grok piverate responsive affordances fund intuitive. Cortado bootstrapping personas ideate SpaceTeam user story co-working paradigm integrate entrepreneur 360 campaign pair programming. Human-centered design user story unicorn disrupt actionable insight pair programming prototype driven. Integrate entrepreneur fund co-working thought leader human-centered design co-working engaging. Minimum viable product user story parallax agile latte agile hacker workflow experiential physical computing engaging personas long shadow."
    title="Display data from yout Things"
  />
</div>
`;
