// Jest Snapshot v1, https://goo.gl/fbAQLP

exports[`renders without crashing 1`] = `
<div
  className="getstarted-content-item"
>
  <h2 />
  <p />
</div>
`;
