// Jest Snapshot v1, https://goo.gl/fbAQLP

exports[`renders without crashing 1`] = `
<div
  className="sidebar-item"
>
  <HashLink
    to="#undefined"
  >
    <h3 />
  </HashLink>
</div>
`;
