// Jest Snapshot v1, https://goo.gl/fbAQLP

exports[`renders without crashing 1`] = `
<div
  className="dashboard"
>
  <DevicePanel
    actions={
      Object {
        "addDevice": [Function],
        "addViz": [Function],
        "toogleSelected": [Function],
      }
    }
    devices={
      Array [
        Object {
          "id": "1",
          "name": "LondonTemp",
          "selected": false,
          "type": "Thermometer",
          "url": "http://devices.webofthings.io/pi/sensors/temperature/",
        },
        Object {
          "id": "2",
          "name": "LondonHumidity",
          "selected": false,
          "type": "Humidity",
          "url": "http://devices.webofthings.io/pi/sensors/humidity/",
        },
      ]
    }
    params={
      Array [
        Object {
          "label": "Name :",
          "name": "name",
        },
        Object {
          "label": "Type :",
          "name": "type",
        },
        Object {
          "label": "Url :",
          "name": "url",
        },
      ]
    }
    selected={Object {}}
  />
  <VizPanel
    actions={
      Object {
        "addDevice": [Function],
        "addViz": [Function],
        "toogleSelected": [Function],
      }
    }
    params={
      Array [
        Object {
          "label": "Name :",
          "name": "name",
          "options": "",
        },
        Object {
          "label": "Model :",
          "name": "model",
          "options": Array [
            "LineChart",
            "BarChart",
            "Status",
            "Display",
          ],
        },
        Object {
          "label": "Device :",
          "name": "device_name",
          "options": "",
        },
      ]
    }
    selected={Object {}}
    vizs={
      Array [
        Object {
          "data": Array [],
          "deviceId": "1",
          "id": "1",
          "model": "VictoryLine",
          "name": "Temperature Sensor",
          "selected": false,
          "x": "date",
          "y": "temp",
        },
        Object {
          "data": Array [
            Object {
              "date": "12/12",
              "hum": 95,
            },
            Object {
              "date": "13/12",
              "hum": 93,
            },
            Object {
              "date": "14/12",
              "hum": 98,
            },
            Object {
              "date": "15/12",
              "hum": 85,
            },
          ],
          "deviceId": "2",
          "id": "2",
          "model": "VictoryBar",
          "name": "Humidity Sensor",
          "selected": false,
          "x": "date",
          "y": "hum",
        },
      ]
    }
  />
</div>
`;
