// Jest Snapshot v1, https://goo.gl/fbAQLP

exports[`renders without crashing 1`] = `
<div>
  <h2>
    Let's Get You Started with these basics steps
  </h2>
  <ul>
    <li>
      Step 1
    </li>
    <li>
      Step 2
    </li>
    <li>
      Step 3
    </li>
  </ul>
</div>
`;
