// Jest Snapshot v1, https://goo.gl/fbAQLP

exports[`renders without crashing 1`] = `
<div
  className="App"
>
  <header
    className="App-header"
  >
    <img
      alt="logo"
      className="App-logo"
      src="logo.svg"
    />
    <h1
      className="App-title"
    >
      Welcome to DashThings.io
    </h1>
  </header>
  <div
    className="App-intro"
  >
    BUILD, CONNECT AND SHARE.
  </div>
</div>
`;
