// Jest Snapshot v1, https://goo.gl/fbAQLP

exports[`renders without crashing 1`] = `
<label
  className="control-panel-param"
  htmlFor="param-id-test"
>
  <input
    name="test"
    onClick={[Function]}
    onSelect={true}
  />
</label>
`;
