// Jest Snapshot v1, https://goo.gl/fbAQLP

exports[`renders without crashing 1`] = `
<div
  className="device-list"
>
  <div
    className="device"
    key="dev0"
    onClick={[Function]}
  >
    <Device
      id="dev0"
      name="LondonTemp"
      url="http://devices.webofthings.io/pi/sensors/temperature/"
    />
  </div>
  <div
    className="device"
    key="dev1"
    onClick={[Function]}
  >
    <Device
      id="dev1"
      name="LondonHumidity"
      url="http://devices.webofthings.io/pi/sensors/humidity/"
    />
  </div>
</div>
`;
