// Jest Snapshot v1, https://goo.gl/fbAQLP

exports[`renders without crashing 1`] = `
<div
  className="device-panel"
>
  <ControlPanel
    parent="device"
  />
  <DeviceList />
</div>
`;
