// Jest Snapshot v1, https://goo.gl/fbAQLP

exports[`renders without crashing 1`] = `
<label
  className="control-panel-param"
  htmlFor="param-id-name"
>
  label
  <input
    label="label"
    name="name"
    onChange={[Function]}
    value="value"
  />
</label>
`;
