// Jest Snapshot v1, https://goo.gl/fbAQLP

exports[`renders without crashing 1`] = `
<div
  className="thing-property"
>
  <div />
  <div
    className="thing-description"
  />
</div>
`;
