// Jest Snapshot v1, https://goo.gl/fbAQLP

exports[`renders without crashing 1`] = `
<div
  className="control-panel-param"
>
  <label
    htmlFor="param-id-test"
  />
  <input
    className=""
    name="test"
    onClick={[Function]}
    onSelect={true}
  />
</div>
`;
